{"HostConfigHash":"a60a3b3","CardHash":"e5ccaaf","Error":null}