{"HostConfigHash":"a60a3b3","CardHash":"ede9a23","Error":null}