{"HostConfigHash":"a60a3b3","CardHash":"509e162","Error":null}