{"HostConfigHash":"a60a3b3","CardHash":"c4f7347","Error":"Parsing card failed"}