{"HostConfigHash":"e67bfb1","CardHash":"509e162","Error":null}