{"HostConfigHash":"ba6a932","CardHash":"e5ccaaf","Error":null}