{"HostConfigHash":"e67bfb1","CardHash":"e5ccaaf","Error":null}