{"HostConfigHash":"ba6a932","CardHash":"9b23448","Error":null}