{"HostConfigHash":"e67bfb1","CardHash":"c4f7347","Error":"Parsing card failed"}