{"HostConfigHash":"e67bfb1","CardHash":"ede9a23","Error":null}