{"HostConfigHash":"ba6a932","CardHash":"ede9a23","Error":null}