{"HostConfigHash":"ba6a932","CardHash":"06e61b8","Error":null}