{"HostConfigHash":"ba6a932","CardHash":"c4f7347","Error":"Parsing card failed"}