{"HostConfigHash":"e67bfb1","CardHash":"9b23448","Error":null}