{"HostConfigHash":"0429fa9","CardHash":"e5ccaaf","Error":null}