{"HostConfigHash":"0429fa9","CardHash":"9b23448","Error":null}