{"HostConfigHash":"0429fa9","CardHash":"c4f7347","Error":"Parsing card failed"}