{"HostConfigHash":"0429fa9","CardHash":"06e61b8","Error":null}