{"HostConfigHash":"0429fa9","CardHash":"ede9a23","Error":null}