{"HostConfigHash":"356db29","CardHash":"c4f7347","Error":"Parsing card failed"}