{"HostConfigHash":"356db29","CardHash":"509e162","Error":null}