{"HostConfigHash":"356db29","CardHash":"06e61b8","Error":null}