{"HostConfigHash":"356db29","CardHash":"e5ccaaf","Error":null}