{"HostConfigHash":"4307737","CardHash":"c4f7347","Error":"Parsing card failed"}