{"HostConfigHash":"c91d539","CardHash":"e5ccaaf","Error":null}