{"HostConfigHash":"4307737","CardHash":"06e61b8","Error":null}