{"HostConfigHash":"4307737","CardHash":"e5ccaaf","Error":null}