{"HostConfigHash":"c91d539","CardHash":"9b23448","Error":null}