{"HostConfigHash":"4307737","CardHash":"ede9a23","Error":null}