{"HostConfigHash":"8451742","CardHash":"ede9a23","Error":null}