{"HostConfigHash":"8451742","CardHash":"c4f7347","Error":"Parsing card failed"}