{"HostConfigHash":"8451742","CardHash":"509e162","Error":null}