{"HostConfigHash":"8451742","CardHash":"06e61b8","Error":null}