{"actions":[{"coolness":"to the max","fallback":{"coolness":"pretty cool","fallback":{"title":"Correct","type":"Action.Submit"},"title":"Pretty cool","type":"MyCoolAction"},"title":"Be Cool","type":"MyCoolAction2"},{"fallback":"drop","title":"This is a bug!","type":"Unnecessary"}],"body":[{"fallback":"drop","items":[{"items":[{"columns":[{"items":[{"color":"Attention","text":"You should never see this (fallback: drop)!","type":"TextBlock","weight":"Bolder"},{"someProperty":"blah","type":"Graph"}],"type":"Column","width":"auto"}],"type":"ColumnSet"}],"type":"Container"}],"type":"Container"},{"text":"Nothing above this! ↑","type":"TextBlock","weight":"Lighter"},{"text":"Message just below ↓","type":"TextBlock","weight":"Lighter"},{"fallback":{"color":"Good","text":"If you see this, things are working great!","type":"TextBlock","weight":"Bolder"},"items":[{"items":[{"columns":[{"items":[{"color":"Attention","text":"You should never see this (fallback: textblock)!","type":"TextBlock","weight":"Bolder"},{"someProperty":"blah","type":"Graph"}],"type":"Column","width":"auto"}],"type":"ColumnSet"}],"type":"Container"}],"type":"Container"},{"text":"There should be another message below ↓","type":"TextBlock","weight":"Lighter"},{"fallback":{"fallback":{"color":"good","text":"Multiply-nested fallback works!","type":"TextBlock","weight":"bolder"},"type":"Graph"},"type":"GraphV2"}],"type":"AdaptiveCard","version":"1.2"}