{"actions":[],"body":[{"columns":[{"id":"1","items":[{"id":"2","items":[{"id":"3","text":"Container default style","type":"TextBlock"},{"id":"4","items":[{"bleed":true,"id":"5","items":[{"id":"6","text":"Container Emphasis style","type":"TextBlock"}],"style":"Emphasis","type":"Container"}],"style":"Default","type":"Container"}],"style":"Default","type":"Container"}],"style":"Emphasis","type":"Column"}],"id":"0","type":"ColumnSet"}],"type":"AdaptiveCard","version":"1.2"}