{"HostConfigHash":"d27c6d5","CardHash":"c4f7347","Error":"Parsing card failed"}