{"HostConfigHash":"d27c6d5","CardHash":"e5ccaaf","Error":null}