{"HostConfigHash":"d27c6d5","CardHash":"ede9a23","Error":null}