{"HostConfigHash":"d27c6d5","CardHash":"9b23448","Error":null}