{"HostConfigHash":"d27c6d5","CardHash":"509e162","Error":null}