{"HostConfigHash":"bc42010","CardHash":"ede9a23","Error":null}