{"HostConfigHash":"2a972a2","CardHash":"06e61b8","Error":null}