{"HostConfigHash":"2a972a2","CardHash":"9b23448","Error":null}