{"HostConfigHash":"bc42010","CardHash":"c4f7347","Error":"Parsing card failed"}