{"HostConfigHash":"bc42010","CardHash":"06e61b8","Error":null}