{"HostConfigHash":"2a972a2","CardHash":"509e162","Error":null}