{"HostConfigHash":"bc42010","CardHash":"e5ccaaf","Error":null}