{"HostConfigHash":"bc42010","CardHash":"9b23448","Error":null}