{
	"$schema": "http://adaptivecards.io/schemas/adaptive-card.json",
	"type": "AdaptiveCard",
	"version": "1.2",
	"body": [
		{
			"type": "ColumnSet",
			"id":"0",
			"columns": [
				{
					"type": "Column",
					"id":"1",
					"style": "emphasis",
					"items": [
						{
							"type": "Container",
							"id":"2",
							"style": "default",
							"items": [
								{
									"type": "TextBlock",
									"id":"3",
									"text": "Container default style"
								},
								{
								"type": "Container",
								"id":"4",
								"style": "default",
								"items": [
									{
										"type": "Container",
										"id":"5",
										"style": "emphasis",
										"bleed":true,
										"items": [
											{
												"id":"6",
												"type": "TextBlock",
												"text": "Container Emphasis style"
											}
										]
									}
								]
								}
							]
						}
					]
				}
			]
		}
	]
}
